12:40:29 **** Build of configuration Release for project MKE04_MIDI_Bootloader ****
make -r -j8 all 
Building file: ../source/main.c
Building file: ../device/system_MKE04Z1284.c
Building file: ../board/board.c
Building file: ../board/clock_config.c
Building file: ../board/peripherals.c
Invoking: MCU C Compiler
arm-none-eabi-gcc -DFSL_RTOS_BM -DSDK_OS_BAREMETAL -DSDK_DEBUGCONSOLE=0 -DCR_INTEGER_PRINTF -DPRINTF_FLOAT_ENABLE=0 -DCPU_MKE04Z128VLD4 -DCPU_MKE04Z128VLD4_cm0plus -D__MCUXPRESSO -D__USE_CMSIS -DNDEBUG -D__REDLIB__ -I../board -I../source -I../ -I../CMSIS -I../device -Os -fno-common -g -Wall -c -ffunction-sections -fdata-sections -ffreestanding -fno-builtin -mcpu=cortex-m0plus -mthumb -D__REDLIB__ -specs=redlib.specs -MMD -MP -MF"source/main.d" -MT"source/main.o" -MT"source/main.d" -o "source/main.o" "../source/main.c"
Invoking: MCU C Compiler
Invoking: MCU C Compiler
arm-none-eabi-gcc -DFSL_RTOS_BM -DSDK_OS_BAREMETAL -DSDK_DEBUGCONSOLE=0 -DCR_INTEGER_PRINTF -DPRINTF_FLOAT_ENABLE=0 -DCPU_MKE04Z128VLD4 -DCPU_MKE04Z128VLD4_cm0plus -D__MCUXPRESSO -D__USE_CMSIS -DNDEBUG -D__REDLIB__ -I../board -I../source -I../ -I../CMSIS -I../device -Os -fno-common -g -Wall -c -ffunction-sections -fdata-sections -ffreestanding -fno-builtin -mcpu=cortex-m0plus -mthumb -D__REDLIB__ -specs=redlib.specs -MMD -MP -MF"device/system_MKE04Z1284.d" -MT"device/system_MKE04Z1284.o" -MT"device/system_MKE04Z1284.d" -o "device/system_MKE04Z1284.o" "../device/system_MKE04Z1284.c"
Invoking: MCU C Compiler
arm-none-eabi-gcc -DFSL_RTOS_BM -DSDK_OS_BAREMETAL -DSDK_DEBUGCONSOLE=0 -DCR_INTEGER_PRINTF -DPRINTF_FLOAT_ENABLE=0 -DCPU_MKE04Z128VLD4 -DCPU_MKE04Z128VLD4_cm0plus -D__MCUXPRESSO -D__USE_CMSIS -DNDEBUG -D__REDLIB__ -I../board -I../source -I../ -I../CMSIS -I../device -Os -fno-common -g -Wall -c -ffunction-sections -fdata-sections -ffreestanding -fno-builtin -mcpu=cortex-m0plus -mthumb -D__REDLIB__ -specs=redlib.specs -MMD -MP -MF"board/board.d" -MT"board/board.o" -MT"board/board.d" -o "board/board.o" "../board/board.c"
Invoking: MCU C Compiler
arm-none-eabi-gcc -DFSL_RTOS_BM -DSDK_OS_BAREMETAL -DSDK_DEBUGCONSOLE=0 -DCR_INTEGER_PRINTF -DPRINTF_FLOAT_ENABLE=0 -DCPU_MKE04Z128VLD4 -DCPU_MKE04Z128VLD4_cm0plus -D__MCUXPRESSO -D__USE_CMSIS -DNDEBUG -D__REDLIB__ -I../board -I../source -I../ -I../CMSIS -I../device -Os -fno-common -g -Wall -c -ffunction-sections -fdata-sections -ffreestanding -fno-builtin -mcpu=cortex-m0plus -mthumb -D__REDLIB__ -specs=redlib.specs -MMD -MP -MF"board/clock_config.d" -MT"board/clock_config.o" -MT"board/clock_config.d" -o "board/clock_config.o" "../board/clock_config.c"
arm-none-eabi-gcc -DFSL_RTOS_BM -DSDK_OS_BAREMETAL -DSDK_DEBUGCONSOLE=0 -DCR_INTEGER_PRINTF -DPRINTF_FLOAT_ENABLE=0 -DCPU_MKE04Z128VLD4 -DCPU_MKE04Z128VLD4_cm0plus -D__MCUXPRESSO -D__USE_CMSIS -DNDEBUG -D__REDLIB__ -I../board -I../source -I../ -I../CMSIS -I../device -Os -fno-common -g -Wall -c -ffunction-sections -fdata-sections -ffreestanding -fno-builtin -mcpu=cortex-m0plus -mthumb -D__REDLIB__ -specs=redlib.specs -MMD -MP -MF"board/peripherals.d" -MT"board/peripherals.o" -MT"board/peripherals.d" -o "board/peripherals.o" "../board/peripherals.c"
Building file: ../board/pin_mux.c
Invoking: MCU C Compiler
arm-none-eabi-gcc -DFSL_RTOS_BM -DSDK_OS_BAREMETAL -DSDK_DEBUGCONSOLE=0 -DCR_INTEGER_PRINTF -DPRINTF_FLOAT_ENABLE=0 -DCPU_MKE04Z128VLD4 -DCPU_MKE04Z128VLD4_cm0plus -D__MCUXPRESSO -D__USE_CMSIS -DNDEBUG -D__REDLIB__ -I../board -I../source -I../ -I../CMSIS -I../device -Os -fno-common -g -Wall -c -ffunction-sections -fdata-sections -ffreestanding -fno-builtin -mcpu=cortex-m0plus -mthumb -D__REDLIB__ -specs=redlib.specs -MMD -MP -MF"board/pin_mux.d" -MT"board/pin_mux.o" -MT"board/pin_mux.d" -o "board/pin_mux.o" "../board/pin_mux.c"
Finished building: ../board/board.c
 
Finished building: ../device/system_MKE04Z1284.c
Finished building: ../board/peripherals.c
 
Finished building: ../board/clock_config.c
 
 
Finished building: ../board/pin_mux.c
 
Finished building: ../source/main.c
 
Building target: MKE04_MIDI_Bootloader.axf
Invoking: MCU Linker
arm-none-eabi-gcc -nostdlib -Xlinker -Map="MKE04_MIDI_Bootloader.map" -Xlinker --gc-sections -Xlinker -print-memory-usage -Xlinker --sort-section=alignment -mcpu=cortex-m0plus -mthumb -T "MKE04_MIDI_Bootloader_Release.ld" -o "MKE04_MIDI_Bootloader.axf"  ./source/main.o  ./device/system_MKE04Z1284.o  ./board/board.o ./board/clock_config.o ./board/peripherals.o ./board/pin_mux.o   
Memory region         Used Size  Region Size  %age Used
   PROGRAM_FLASH:        1156 B       1536 B     75.26%
            SRAM:        2060 B        16 KB     12.57%
Finished building target: MKE04_MIDI_Bootloader.axf
 
make --no-print-directory post-build
Performing post-build steps
arm-none-eabi-size "MKE04_MIDI_Bootloader.axf"; # arm-none-eabi-objcopy -v -O binary "MKE04_MIDI_Bootloader.axf" "MKE04_MIDI_Bootloader.bin" ; # checksum -p MKE04Z128xxx4 -d "MKE04_MIDI_Bootloader.bin";
   text	   data	    bss	    dec	    hex	filename
   1156	      0	   2060	   3216	    c90	MKE04_MIDI_Bootloader.axf
 

12:40:30 Build Finished (took 638ms)

