11:01:32 **** Incremental Build of configuration Release for project MKE04Z128xxx4_Project ****
make -r -j8 all 
Building file: ../source/main.c
Invoking: MCU C Compiler
arm-none-eabi-gcc -DFSL_RTOS_BM -DSDK_OS_BAREMETAL -DSDK_DEBUGCONSOLE=0 -DCR_INTEGER_PRINTF -DPRINTF_FLOAT_ENABLE=0 -DCPU_MKE04Z128VLD4 -DCPU_MKE04Z128VLD4_cm0plus -D__MCUXPRESSO -D__USE_CMSIS -DNDEBUG -D__REDLIB__ -I../board -I../source -I../ -I../CMSIS -I../device -Os -fno-common -g -Wall -c -ffunction-sections -fdata-sections -ffreestanding -fno-builtin -mcpu=cortex-m0plus -mthumb -D__REDLIB__ -specs=redlib.specs -MMD -MP -MF"source/main.d" -MT"source/main.o" -MT"source/main.d" -o "source/main.o" "../source/main.c"
Finished building: ../source/main.c
 
Building target: MKE04Z128xxx4_Project.axf
Invoking: MCU Linker
arm-none-eabi-gcc -nostdlib -Xlinker -Map="MKE04Z128xxx4_Project.map" -Xlinker --gc-sections -Xlinker -print-memory-usage -Xlinker --sort-section=alignment -mcpu=cortex-m0plus -mthumb -T MKE04Z128xxx4_Project_Release.ld -o "MKE04Z128xxx4_Project.axf"  ./source/main.o  ./device/system_MKE04Z1284.o  ./board/board.o ./board/clock_config.o ./board/peripherals.o ./board/pin_mux.o   
Memory region         Used Size  Region Size  %age Used
   PROGRAM_FLASH:        1156 B       128 KB      0.88%
            SRAM:        2060 B        16 KB     12.57%
Finished building target: MKE04Z128xxx4_Project.axf
 
make --no-print-directory post-build
Performing post-build steps
arm-none-eabi-size "MKE04Z128xxx4_Project.axf"; # arm-none-eabi-objcopy -v -O binary "MKE04Z128xxx4_Project.axf" "MKE04Z128xxx4_Project.bin" ; # checksum -p MKE04Z128xxx4 -d "MKE04Z128xxx4_Project.bin";
   text	   data	    bss	    dec	    hex	filename
   1156	      0	   2060	   3216	    c90	MKE04Z128xxx4_Project.axf
 

11:01:33 Build Finished (took 538ms)

