20:03:10 **** Incremental Build of configuration Release for project MKE04_MIDI_Bootloader ****
make -r -j8 all 
Building target: MKE04_MIDI_Bootloader.axf
Invoking: MCU Linker
arm-none-eabi-gcc -nostdlib -Xlinker -Map="MKE04_MIDI_Bootloader.map" -Xlinker --gc-sections -Xlinker -print-memory-usage -Xlinker --sort-section=alignment -mcpu=cortex-m0plus -mthumb -T "MKE04_MIDI_Bootloader_Release.ld" -o "MKE04_MIDI_Bootloader.axf"  ./source/main.o  ./device/system_MKE04Z1284.o  ./board/board.o ./board/clock_config.o ./board/peripherals.o ./board/pin_mux.o   
Memory region         Used Size  Region Size  %age Used
   PROGRAM_FLASH:        1160 B       1536 B     75.52%
            SRAM:        2060 B        16 KB     12.57%
Finished building target: MKE04_MIDI_Bootloader.axf
 
make --no-print-directory post-build
Performing post-build steps
arm-none-eabi-size "MKE04_MIDI_Bootloader.axf"; # arm-none-eabi-objcopy -v -O binary "MKE04_MIDI_Bootloader.axf" "MKE04_MIDI_Bootloader.bin" ; # checksum -p MKE04Z128xxx4 -d "MKE04_MIDI_Bootloader.bin";
   text	   data	    bss	    dec	    hex	filename
   1160	      0	   2060	   3220	    c94	MKE04_MIDI_Bootloader.axf
 

20:03:11 Build Finished. 0 errors, 0 warnings. (took 454ms)

